[2026-08-07 10:55:45] 워처 시작됨
[main ccbf611] auto: 2026-08-07 10:55:45
 3 files changed, 47 insertions(+)
 create mode 100644 .deploy/com.dongyunique.ghpages-watch.plist
 create mode 100644 .deploy/watch.log
 create mode 100755 .deploy/watch.sh
To github.com:dongyunique-ops/dongyunique-ops.github.io.git
 ! [rejected]        main -> main (fetch first)
error: failed to push some refs to 'github.com:dongyunique-ops/dongyunique-ops.github.io.git'
hint: Updates were rejected because the remote contains work that you do not
hint: have locally. This is usually caused by another repository pushing to
hint: the same ref. If you want to integrate the remote changes, use
hint: 'git pull' before pushing again.
hint: See the 'Note about fast-forwards' in 'git push --help' for details.
[2026-08-07 10:55:48] push 실패 - 네트워크 등 확인 필요
[main 58f0d26] auto: 2026-08-07 10:56:03
 1 file changed, 14 insertions(+)
To github.com:dongyunique-ops/dongyunique-ops.github.io.git
 ! [rejected]        main -> main (fetch first)
error: failed to push some refs to 'github.com:dongyunique-ops/dongyunique-ops.github.io.git'
hint: Updates were rejected because the remote contains work that you do not
hint: have locally. This is usually caused by another repository pushing to
hint: the same ref. If you want to integrate the remote changes, use
hint: 'git pull' before pushing again.
hint: See the 'Note about fast-forwards' in 'git push --help' for details.
[2026-08-07 10:56:06] push 실패 - 네트워크 등 확인 필요
